package start

type In struct {}

type Out struct {
	A string
}

func Convert(in *In) *Out {
	var out *Out

	// no field: In.A

	return out
}
