package pkg2

import "github.com/sabahtalateh/convert/tests/not_exported_field/work/pkg1"

type Out struct {
	a int32
}

func Convert(in *pkg1.In) *Out {
	var out *Out


	return out
}
